	Memphis	Nashville	Chattanooga	Knoxville
Memphis	0	16	16	16
Nashville	-16	0	-36	-36
Chattanooga	-16	36	0	-66
Knoxville	-16	36	66	0
